============================= test session starts =============================
platform win32 -- Python 3.11.7, pytest-9.0.1, pluggy-1.6.0
rootdir: C:\Users\kingthakur\Desktop\trivya
plugins: anyio-4.11.0, langsmith-0.4.43, asyncio-1.3.0, cov-7.0.0, mock-3.15.1
asyncio: mode=Mode.STRICT, debug=False, asyncio_default_fixture_loop_scope=None, asyncio_default_test_loop_scope=function
collected 0 items / 1 error

=================================== ERRORS ====================================
_________________ ERROR collecting tests/test_vector_store.py _________________
tests\test_vector_store.py:3: in <module>
    from shared.knowledge_base.vector_store import VectorStore
shared\knowledge_base\vector_store.py:4: in <module>
    from shared.core_functions.config import Config
shared\core_functions\config.py:55: in <module>
    class VectorDBConfig(BaseSettings):
..\..\AppData\Local\Programs\Python\Python311\Lib\site-packages\pydantic\_internal\_model_construction.py:255: in __new__
    complete_model_class(
..\..\AppData\Local\Programs\Python\Python311\Lib\site-packages\pydantic\_internal\_model_construction.py:648: in complete_model_class
    schema = gen_schema.generate_schema(cls)
             ^^^^^^^^^^^^^^^^^^^^^^^^^^^^^^^
..\..\AppData\Local\Programs\Python\Python311\Lib\site-packages\pydantic\_internal\_generate_schema.py:729: in generate_schema
    schema = self._generate_schema_inner(obj)
             ^^^^^^^^^^^^^^^^^^^^^^^^^^^^^^^^
..\..\AppData\Local\Programs\Python\Python311\Lib\site-packages\pydantic\_internal\_generate_schema.py:1023: in _generate_schema_inner
    return self._model_schema(obj)
           ^^^^^^^^^^^^^^^^^^^^^^^
..\..\AppData\Local\Programs\Python\Python311\Lib\site-packages\pydantic\_internal\_generate_schema.py:794: in _model_schema
    check_decorator_fields_exist(
..\..\AppData\Local\Programs\Python\Python311\Lib\site-packages\pydantic\_internal\_generate_schema.py:233: in check_decorator_fields_exist
    raise PydanticUserError(
E   pydantic.errors.PydanticUserError: Decorators defined with incorrect fields: shared.core_functions.config.VectorDBConfig:2641355247088.validate_log_level (use check_fields=False if you're inheriting from the model and intended this)
E   
E   For further information visit https://errors.pydantic.dev/2.12/u/decorator-missing-field
=========================== short test summary info ===========================
ERROR tests/test_vector_store.py - pydantic.errors.PydanticUserError: Decorat...
!!!!!!!!!!!!!!!!!!! Interrupted: 1 error during collection !!!!!!!!!!!!!!!!!!!!
============================== 1 error in 1.42s ===============================
